2026-08-27T16:21:34+05:30
Running /home/darshana/practice/Threadpool-lab-cpp/run_bench-perf
Run on (6 X 1728 MHz CPU s)
CPU Caches:
  L1 Data 64 KiB (x6)
  L1 Instruction 64 KiB (x6)
  L2 Unified 256 KiB (x6)
  L3 Unified 2048 KiB (x1)
Load Average: 0.43, 0.49, 0.55
***WARNING*** CPU scaling is enabled, the benchmark real time measurements may be noisy and will incur extra overhead.
------------------------------------------------------------------------------------------------------------------
Benchmark                                                        Time             CPU   Iterations UserCounters...
------------------------------------------------------------------------------------------------------------------
BM_TaskScheduling/SmallTask/100000/2/100000/6/real_time  164106102 ns      9717288 ns            4 Completed tasks=400k Rejected tasks=0 Total tasks=400k accepted tasks=400k items_per_second=609.362k/s producer_items_per_second=9.78931M

 Performance counter stats for '/home/darshana/practice/Threadpool-lab-cpp/run_bench-perf --benchmark_filter=BM_TaskScheduling/SmallTask/100000/2/100000/6 --benchmark_repetitions=1':

          1,678.38 msec task-clock                #    2.034 CPUs utilized          
               372      context-switches          #  221.643 /sec                   
                 9      cpu-migrations            #    5.362 /sec                   
               935      page-faults               #  557.086 /sec                   
    2,63,00,31,977      cycles                    #    1.567 GHz                      (55.53%)
    2,63,07,84,708      instructions              #    1.00  insn per cycle           (54.58%)
   <not supported>      branches                                                    
          7,95,800      branch-misses                                                 (54.04%)
    1,05,49,87,322      L1-dcache-loads           #  628.576 M/sec                    (54.25%)
         17,46,686      L1-dcache-load-misses     #    0.17% of all L1-dcache accesses  (53.70%)
         25,75,438      LLC-loads                 #    1.534 M/sec                    (54.66%)
         15,98,357      LLC-load-misses           #   62.06% of all LL-cache accesses  (54.55%)
      54,07,86,137      L1-icache-loads           #  322.208 M/sec                    (48.00%)
          4,41,352      L1-icache-load-misses     #    0.08% of all L1-icache accesses  (47.55%)
    1,06,07,18,553      dTLB-loads                #  631.991 M/sec                    (47.67%)
          1,10,977      dTLB-load-misses          #    0.01% of all dTLB cache accesses  (48.63%)
       2,31,87,835      iTLB-loads                #   13.816 M/sec                    (47.93%)
            20,919      iTLB-load-misses          #    0.09% of all iTLB cache accesses  (48.49%)

       0.825184664 seconds time elapsed

       1.653975000 seconds user
       0.019699000 seconds sys


