------------------------------------------------------------------------------------------------------------------
Benchmark                                                        Time             CPU   Iterations UserCounters...
------------------------------------------------------------------------------------------------------------------
BM_TaskScheduling/SmallTask/100000/1/100000/1/real_time  305497724 ns      9534880 ns            2 Completed tasks=200k Rejected tasks=0 Total tasks=200k accepted tasks=200k items_per_second=327.335k/s producer_items_per_second=10.5838M
BM_TaskScheduling/SmallTask/100000/2/100000/1/real_time  198191954 ns     13762347 ns            3 Completed tasks=300k Rejected tasks=0 Total tasks=300k accepted tasks=300k items_per_second=504.561k/s producer_items_per_second=7.23948M
BM_TaskScheduling/SmallTask/100000/3/100000/1/real_time  167630084 ns     50086528 ns            4 Completed tasks=400k Rejected tasks=0 Total tasks=400k accepted tasks=400k items_per_second=596.552k/s producer_items_per_second=1.79099M
BM_TaskScheduling/SmallTask/100000/4/100000/1/real_time  150040545 ns     48512691 ns            5 Completed tasks=500k Rejected tasks=0 Total tasks=500k accepted tasks=500k items_per_second=666.487k/s producer_items_per_second=1.66086M
BM_TaskScheduling/SmallTask/100000/5/100000/1/real_time  173570041 ns    140101056 ns            4 Completed tasks=400k Rejected tasks=0 Total tasks=400k accepted tasks=400k items_per_second=576.136k/s producer_items_per_second=609.786k
BM_TaskScheduling/SmallTask/100000/6/100000/1/real_time  143192481 ns    102942000 ns            4 Completed tasks=400k Rejected tasks=0 Total tasks=400k accepted tasks=400k items_per_second=698.361k/s producer_items_per_second=763.976k
BM_TaskScheduling/SmallTask/100000/8/100000/1/real_time  168481528 ns    112981926 ns            5 Completed tasks=500k Rejected tasks=0 Total tasks=500k accepted tasks=500k items_per_second=593.537k/s producer_items_per_second=635.814k
BM_TaskScheduling/SmallTask/100000/1/100000/2/real_time  305808199 ns      9182224 ns            2 Completed tasks=200k Rejected tasks=0 Total tasks=200k accepted tasks=200k items_per_second=327.002k/s producer_items_per_second=10.9596M
BM_TaskScheduling/SmallTask/100000/2/100000/2/real_time  200323993 ns     11626440 ns            4 Completed tasks=400k Rejected tasks=0 Total tasks=400k accepted tasks=400k items_per_second=499.191k/s producer_items_per_second=8.47528M
BM_TaskScheduling/SmallTask/100000/3/100000/2/real_time  141429385 ns     14965837 ns            5 Completed tasks=500k Rejected tasks=0 Total tasks=500k accepted tasks=500k items_per_second=707.067k/s producer_items_per_second=6.07967M
BM_TaskScheduling/SmallTask/100000/4/100000/2/real_time  130271793 ns     47817990 ns            5 Completed tasks=500k Rejected tasks=0 Total tasks=500k accepted tasks=500k items_per_second=767.626k/s producer_items_per_second=1.8693M
BM_TaskScheduling/SmallTask/100000/5/100000/2/real_time  113520600 ns     65887063 ns            7 Completed tasks=700k Rejected tasks=0 Total tasks=700k accepted tasks=700k items_per_second=880.897k/s producer_items_per_second=1.26074M
BM_TaskScheduling/SmallTask/100000/6/100000/2/real_time  118420775 ns     62701363 ns            5 Completed tasks=500k Rejected tasks=0 Total tasks=500k accepted tasks=500k items_per_second=844.446k/s producer_items_per_second=998.074k
BM_TaskScheduling/SmallTask/100000/8/100000/2/real_time  121772067 ns     71872794 ns            5 Completed tasks=500k Rejected tasks=0 Total tasks=500k accepted tasks=500k items_per_second=821.206k/s producer_items_per_second=861.571k
BM_TaskScheduling/SmallTask/100000/1/100000/4/real_time  303280530 ns      8943408 ns            2 Completed tasks=200k Rejected tasks=0 Total tasks=200k accepted tasks=200k items_per_second=329.728k/s producer_items_per_second=11.307M
BM_TaskScheduling/SmallTask/100000/2/100000/4/real_time  169831405 ns      9998144 ns            4 Completed tasks=400k Rejected tasks=0 Total tasks=400k accepted tasks=400k items_per_second=588.819k/s producer_items_per_second=9.92324M
BM_TaskScheduling/SmallTask/100000/3/100000/4/real_time  133870310 ns     12078133 ns            6 Completed tasks=600k Rejected tasks=0 Total tasks=600k accepted tasks=600k items_per_second=746.992k/s producer_items_per_second=8.09497M
BM_TaskScheduling/SmallTask/100000/4/100000/4/real_time  112021103 ns     19491442 ns            7 Completed tasks=700k Rejected tasks=0 Total tasks=700k accepted tasks=700k items_per_second=892.689k/s producer_items_per_second=2.91004M
BM_TaskScheduling/SmallTask/100000/5/100000/4/real_time   94799183 ns     34808428 ns            8 Completed tasks=800k Rejected tasks=0 Total tasks=800k accepted tasks=800k items_per_second=1054.86k/s producer_items_per_second=2.43793M
BM_TaskScheduling/SmallTask/100000/6/100000/4/real_time   81086709 ns     30168939 ns            9 Completed tasks=900k Rejected tasks=0 Total tasks=900k accepted tasks=900k items_per_second=1.23325M/s producer_items_per_second=1.80617M
BM_TaskScheduling/SmallTask/100000/8/100000/4/real_time   79381237 ns     34769842 ns            9 Completed tasks=900k Rejected tasks=0 Total tasks=900k accepted tasks=900k items_per_second=1.25974M/s producer_items_per_second=1.42476M
BM_TaskScheduling/SmallTask/100000/1/100000/6/real_time  303471401 ns      8229568 ns            2 Completed tasks=200k Rejected tasks=0 Total tasks=200k accepted tasks=200k items_per_second=329.52k/s producer_items_per_second=12.2906M
BM_TaskScheduling/SmallTask/100000/2/100000/6/real_time  169338413 ns      9469280 ns            4 Completed tasks=400k Rejected tasks=0 Total tasks=400k accepted tasks=400k items_per_second=590.533k/s producer_items_per_second=10.4378M
BM_TaskScheduling/SmallTask/100000/3/100000/6/real_time  131676313 ns     16307302 ns            5 Completed tasks=500k Rejected tasks=0 Total tasks=500k accepted tasks=500k items_per_second=759.438k/s producer_items_per_second=5.76907M
BM_TaskScheduling/SmallTask/100000/4/100000/6/real_time  103755167 ns     22998827 ns            6 Completed tasks=600k Rejected tasks=0 Total tasks=600k accepted tasks=600k items_per_second=963.807k/s producer_items_per_second=3.96255M
BM_TaskScheduling/SmallTask/100000/5/100000/6/real_time   92671195 ns     28884571 ns            7 Completed tasks=700k Rejected tasks=0 Total tasks=700k accepted tasks=700k items_per_second=1079.08k/s producer_items_per_second=2.86129M
BM_TaskScheduling/SmallTask/100000/6/100000/6/real_time   78324438 ns     24106496 ns            9 Completed tasks=900k Rejected tasks=0 Total tasks=900k accepted tasks=900k items_per_second=1.27674M/s producer_items_per_second=2.35947M
BM_TaskScheduling/SmallTask/100000/8/100000/6/real_time   76129421 ns     21584521 ns            7 Completed tasks=700k Rejected tasks=0 Total tasks=700k accepted tasks=700k items_per_second=1.31355M/s producer_items_per_second=2.09528M
BM_TaskScheduling/SmallTask/100000/1/100000/8/real_time  322069970 ns     13631248 ns            2 Completed tasks=200k Rejected tasks=0 Total tasks=200k accepted tasks=200k items_per_second=310.492k/s producer_items_per_second=7.21573M
BM_TaskScheduling/SmallTask/100000/2/100000/8/real_time  172541076 ns     16180715 ns            3 Completed tasks=300k Rejected tasks=0 Total tasks=300k accepted tasks=300k items_per_second=579.572k/s producer_items_per_second=6.05285M
BM_TaskScheduling/SmallTask/100000/3/100000/8/real_time  132572989 ns     20090694 ns            5 Completed tasks=500k Rejected tasks=0 Total tasks=500k accepted tasks=500k items_per_second=754.301k/s producer_items_per_second=4.8077M
BM_TaskScheduling/SmallTask/100000/4/100000/8/real_time  101480835 ns     19464459 ns            6 Completed tasks=600k Rejected tasks=0 Total tasks=600k accepted tasks=600k items_per_second=985.408k/s producer_items_per_second=4.26567M
BM_TaskScheduling/SmallTask/100000/5/100000/8/real_time   89743991 ns     24702388 ns            8 Completed tasks=800k Rejected tasks=0 Total tasks=800k accepted tasks=800k items_per_second=1.11428M/s producer_items_per_second=3.5404M
BM_TaskScheduling/SmallTask/100000/6/100000/8/real_time   79712598 ns     24511128 ns            8 Completed tasks=800k Rejected tasks=0 Total tasks=800k accepted tasks=800k items_per_second=1.25451M/s producer_items_per_second=2.13048M
BM_TaskScheduling/SmallTask/100000/8/100000/8/real_time   69173810 ns     18967968 ns           10 Completed tasks=1000k Rejected tasks=0 Total tasks=1000k accepted tasks=1000k items_per_second=1.44563M/s producer_items_per_second=2.40164M
